0 to 0 (0.00)
0 to 1 (2.00)  0->1  2.00
0 to 2 (1.00)  0->2  1.00
0 to 3 (5.00)  0->3  5.00
0 to 4 (9.00)  0->1  2.00   1->5  2.00   5->6  3.00   6->7  1.00   7->4  1.00
0 to 5 (4.00)  0->1  2.00   1->5  2.00
0 to 6 (7.00)  0->1  2.00   1->5  2.00   5->6  3.00
0 to 7 (8.00)  0->1  2.00   1->5  2.00   5->6  3.00   6->7  1.00
