0 to 0 (0.00)
0 to 1 (0.71)  0->44  0.06   44->93  0.07   93->187  0.08   187->77  0.11   77->78  0.11   78->128  0.04   128->69  0.12   69->107  0.06   107->1  0.07
0 to 2 (0.65)  0->44  0.06   44->231  0.10   231->208  0.09   208->65  0.11   65->181  0.11   181->42  0.07   42->2  0.11
0 to 3 (0.46)  0->97  0.08   97->248  0.09   248->104  0.07   104->45  0.11   45->3  0.12
0 to 4 (0.42)  0->44  0.06   44->93  0.07   93->187  0.08   187->77  0.11   77->4  0.11
0 to 5 (0.32)  0->44  0.06   44->93  0.07   93->32  0.07   32->5  0.11
0 to 6 (0.87)  0->44  0.06   44->231  0.10   231->208  0.09   208->65  0.11   65->230  0.05   230->135  0.11   135->86  0.10   86->14  0.09   14->166  0.08   166->6  0.07
0 to 7 (0.43)  0->191  0.11   191->165  0.11   165->118  0.08   118->197  0.07   197->7  0.07
0 to 8 (0.71)  0->191  0.11   191->165  0.11   165->172  0.10   172->92  0.09   92->205  0.12   205->210  0.08   210->8  0.11
0 to 9 (0.20)  0->58  0.10   58->9  0.10
0 to 10 (0.90)  0->191  0.11   191->165  0.11   165->172  0.10   172->92  0.09   92->205  0.12   205->210  0.08   210->152  0.11   152->246  0.10   246->10  0.10
0 to 11 (0.74)  0->191  0.11   191->165  0.11   165->172  0.10   172->92  0.09   92->205  0.12   205->207  0.11   207->11  0.11
0 to 12 (0.72)  0->44  0.06   44->93  0.07   93->226  0.11   226->138  0.11   138->62  0.09   62->90  0.09   90->242  0.10   242->12  0.08
0 to 13 (0.84)  0->191  0.11   191->165  0.11   165->172  0.10   172->92  0.09   92->205  0.12   205->214  0.07   214->70  0.11   70->100  0.11   100->13  0.03
0 to 14 (0.72)  0->44  0.06   44->231  0.10   231->208  0.09   208->65  0.11   65->230  0.05   230->135  0.11   135->86  0.10   86->14  0.09
0 to 15 (0.06)  0->15  0.06
0 to 16 (0.92)  0->44  0.06   44->231  0.10   231->208  0.09   208->65  0.11   65->230  0.05   230->135  0.11   135->86  0.10   86->14  0.09   14->166  0.08   166->16  0.11
0 to 17 (0.80)  0->44  0.06   44->93  0.07   93->226  0.11   226->138  0.11   138->62  0.09   62->90  0.09   90->113  0.12   113->170  0.07   170->17  0.08
0 to 18 (0.66)  0->44  0.06   44->231  0.10   231->208  0.09   208->65  0.11   65->230  0.05   230->135  0.11   135->86  0.10   86->18  0.03
0 to 19 (0.77)  0->191  0.11   191->165  0.11   165->172  0.10   172->92  0.09   92->205  0.12   205->214  0.07   214->70  0.11   70->19  0.07
0 to 20 (0.81)  0->44  0.06   44->93  0.07   93->32  0.07   32->5  0.11   5->55  0.11   55->136  0.10   136->87  0.10   87->194  0.08   194->20  0.09
0 to 21 (0.44)  0->44  0.06   44->231  0.10   231->208  0.09   208->65  0.11   65->21  0.08
0 to 22 (0.98)  0->44  0.06   44->93  0.07   93->226  0.11   226->138  0.11   138->62  0.09   62->90  0.09   90->113  0.12   113->170  0.07   170->229  0.11   229->120  0.08   120->22  0.06
0 to 23 (0.17)  0->58  0.10   58->23  0.07
0 to 24 (0.10)  0->24  0.10
0 to 25 (0.79)  0->44  0.06   44->93  0.07   93->32  0.07   32->5  0.11   5->55  0.11   55->112  0.05   112->234  0.08   234->61  0.11   61->111  0.07   111->25  0.05
0 to 26 (0.34)  0->44  0.06   44->93  0.07   93->32  0.07   32->102  0.09   102->26  0.04
0 to 27 (0.43)  0->44  0.06   44->93  0.07   93->226  0.11   226->138  0.11   138->27  0.08
0 to 28 (0.66)  0->44  0.06   44->93  0.07   93->226  0.11   226->138  0.11   138->62  0.09   62->90  0.09   90->242  0.10   242->28  0.03
0 to 29 (1.04)  0->44  0.06   44->93  0.07   93->226  0.11   226->138  0.11   138->62  0.09   62->90  0.09   90->113  0.12   113->170  0.07   170->17  0.08   17->81  0.06   81->227  0.08   227->29  0.10
0 to 30 (0.68)  0->191  0.11   191->165  0.11   165->172  0.10   172->92  0.09   92->205  0.12   205->219  0.05   219->30  0.11
0 to 31 (0.58)  0->97  0.08   97->248  0.09   248->104  0.07   104->45  0.11   45->76  0.11   76->37  0.03   37->31  0.09
0 to 32 (0.21)  0->44  0.06   44->93  0.07   93->32  0.07
0 to 33 (0.18)  0->114  0.10   114->33  0.09
0 to 34 (1.01)  0->44  0.06   44->93  0.07   93->226  0.11   226->138  0.11   138->62  0.09   62->90  0.09   90->113  0.12   113->170  0.07   170->229  0.11   229->120  0.08   120->34  0.09
0 to 35 (0.71)  0->44  0.06   44->231  0.10   231->208  0.09   208->65  0.11   65->230  0.05   230->135  0.11   135->141  0.07   141->35  0.11
0 to 36 (0.79)  0->44  0.06   44->231  0.10   231->208  0.09   208->65  0.11   65->230  0.05   230->135  0.11   135->141  0.07   141->35  0.11   35->36  0.09
0 to 37 (0.48)  0->97  0.08   97->248  0.09   248->104  0.07   104->45  0.11   45->76  0.11   76->37  0.03
0 to 38 (1.15)  0->44  0.06   44->93  0.07   93->226  0.11   226->138  0.11   138->62  0.09   62->90  0.09   90->113  0.12   113->170  0.07   170->17  0.08   17->134  0.10   134->146  0.07   146->109  0.08   109->38  0.09
0 to 39 (0.15)  0->15  0.06   15->39  0.09
0 to 40 (0.82)  0->44  0.06   44->93  0.07   93->32  0.07   32->5  0.11   5->55  0.11   55->136  0.10   136->87  0.10   87->194  0.08   194->40  0.11
0 to 41 (0.77)  0->44  0.06   44->93  0.07   93->226  0.11   226->138  0.11   138->62  0.09   62->90  0.09   90->242  0.10   242->198  0.03   198->41  0.10
0 to 42 (0.54)  0->44  0.06   44->231  0.10   231->208  0.09   208->65  0.11   65->181  0.11   181->42  0.07
0 to 43 (0.65)  0->191  0.11   191->165  0.11   165->172  0.10   172->92  0.09   92->205  0.12   205->221  0.09   221->43  0.04
0 to 44 (0.06)  0->44  0.06
0 to 45 (0.34)  0->97  0.08   97->248  0.09   248->104  0.07   104->45  0.11
0 to 46 (0.92)  0->44  0.06   44->93  0.07   93->187  0.08   187->77  0.11   77->78  0.11   78->128  0.04   128->69  0.12   69->107  0.06   107->72  0.12   72->186  0.09   186->46  0.08
0 to 47 (1.06)  0->44  0.06   44->93  0.07   93->226  0.11   226->138  0.11   138->62  0.09   62->90  0.09   90->113  0.12   113->170  0.07   170->17  0.08   17->81  0.06   81->227  0.08   227->218  0.09   218->47  0.03
0 to 48 (0.25)  0->59  0.11   59->50  0.04   50->48  0.10
0 to 49 (0.05)  0->49  0.05
0 to 50 (0.15)  0->59  0.11   59->50  0.04
0 to 51 (0.69)  0->191  0.11   191->165  0.11   165->172  0.10   172->92  0.09   92->205  0.12   205->110  0.05   110->51  0.11
0 to 52 (0.23)  0->44  0.06   44->93  0.07   93->52  0.10
0 to 53 (0.93)  0->44  0.06   44->93  0.07   93->226  0.11   226->138  0.11   138->62  0.09   62->90  0.09   90->113  0.12   113->170  0.07   170->229  0.11   229->53  0.09
0 to 54 (0.98)  0->44  0.06   44->231  0.10   231->208  0.09   208->65  0.11   65->230  0.05   230->135  0.11   135->86  0.10   86->14  0.09   14->129  0.11   129->147  0.09   147->54  0.07
0 to 55 (0.43)  0->44  0.06   44->93  0.07   93->32  0.07   32->5  0.11   5->55  0.11
0 to 56 (0.97)  0->44  0.06   44->93  0.07   93->226  0.11   226->138  0.11   138->62  0.09   62->90  0.09   90->113  0.12   113->170  0.07   170->229  0.11   229->120  0.08   120->56  0.05
0 to 57 (0.37)  0->44  0.06   44->231  0.10   231->208  0.09   208->57  0.11
0 to 58 (0.10)  0->58  0.10
0 to 59 (0.11)  0->59  0.11
0 to 60 (0.82)  0->44  0.06   44->93  0.07   93->32  0.07   32->5  0.11   5->55  0.11   55->112  0.05   112->234  0.08   234->61  0.11   61->111  0.07   111->60  0.09
0 to 61 (0.66)  0->44  0.06   44->93  0.07   93->32  0.07   32->5  0.11   5->55  0.11   55->112  0.05   112->234  0.08   234->61  0.11
0 to 62 (0.45)  0->44  0.06   44->93  0.07   93->226  0.11   226->138  0.11   138->62  0.09
0 to 63 (0.88)  0->44  0.06   44->93  0.07   93->32  0.07   32->5  0.11   5->55  0.11   55->112  0.05   112->234  0.08   234->61  0.11   61->111  0.07   111->25  0.05   25->63  0.09
0 to 64 (1.00)  0->44  0.06   44->93  0.07   93->226  0.11   226->138  0.11   138->62  0.09   62->90  0.09   90->113  0.12   113->170  0.07   170->17  0.08   17->134  0.10   134->64  0.09
0 to 65 (0.36)  0->44  0.06   44->231  0.10   231->208  0.09   208->65  0.11
0 to 66 (0.17)  0->149  0.10   149->66  0.08
0 to 67 (0.37)  0->97  0.08   97->248  0.09   248->104  0.07   104->217  0.10   217->67  0.05
0 to 68 (0.12)  0->68  0.12
0 to 69 (0.58)  0->44  0.06   44->93  0.07   93->187  0.08   187->77  0.11   77->78  0.11   78->128  0.04   128->69  0.12
0 to 70 (0.70)  0->191  0.11   191->165  0.11   165->172  0.10   172->92  0.09   92->205  0.12   205->214  0.07   214->70  0.11
0 to 71 (0.43)  0->44  0.06   44->231  0.10   231->208  0.09   208->65  0.11   65->71  0.07
0 to 72 (0.75)  0->44  0.06   44->93  0.07   93->187  0.08   187->77  0.11   77->78  0.11   78->128  0.04   128->69  0.12   69->107  0.06   107->72  0.12
0 to 73 (1.03)  0->44  0.06   44->93  0.07   93->226  0.11   226->138  0.11   138->62  0.09   62->90  0.09   90->113  0.12   113->170  0.07   170->229  0.11   229->120  0.08   120->73  0.11
0 to 74 (1.15)  0->44  0.06   44->93  0.07   93->226  0.11   226->138  0.11   138->62  0.09   62->90  0.09   90->113  0.12   113->170  0.07   170->17  0.08   17->134  0.10   134->64  0.09   64->183  0.10   183->74  0.05
0 to 75 (0.78)  0->44  0.06   44->93  0.07   93->32  0.07   32->5  0.11   5->55  0.11   55->136  0.10   136->87  0.10   87->194  0.08   194->75  0.06
0 to 76 (0.45)  0->97  0.08   97->248  0.09   248->104  0.07   104->45  0.11   45->76  0.11
0 to 77 (0.32)  0->44  0.06   44->93  0.07   93->187  0.08   187->77  0.11
0 to 78 (0.43)  0->44  0.06   44->93  0.07   93->187  0.08   187->77  0.11   77->78  0.11
0 to 79 (0.69)  0->191  0.11   191->165  0.11   165->172  0.10   172->92  0.09   92->205  0.12   205->214  0.07   214->79  0.09
0 to 80 (0.07)  0->80  0.07
0 to 81 (0.86)  0->44  0.06   44->93  0.07   93->226  0.11   226->138  0.11   138->62  0.09   62->90  0.09   90->113  0.12   113->170  0.07   170->17  0.08   17->81  0.06
0 to 82 (0.73)  0->191  0.11   191->165  0.11   165->172  0.10   172->92  0.09   92->205  0.12   205->207  0.11   207->82  0.10
0 to 83 (0.31)  0->97  0.08   97->248  0.09   248->104  0.07   104->83  0.09
0 to 84 (0.78)  0->191  0.11   191->165  0.11   165->172  0.10   172->92  0.09   92->205  0.12   205->214  0.07   214->70  0.11   70->84  0.08
0 to 85 (0.77)  0->191  0.11   191->165  0.11   165->172  0.10   172->92  0.09   92->205  0.12   205->207  0.11   207->82  0.10   82->85  0.04
0 to 86 (0.63)  0->44  0.06   44->231  0.10   231->208  0.09   208->65  0.11   65->230  0.05   230->135  0.11   135->86  0.10
0 to 87 (0.63)  0->44  0.06   44->93  0.07   93->32  0.07   32->5  0.11   5->55  0.11   55->136  0.10   136->87  0.10
0 to 88 (0.78)  0->44  0.06   44->231  0.10   231->208  0.09   208->65  0.11   65->230  0.05   230->135  0.11   135->141  0.07   141->35  0.11   35->88  0.07
0 to 89 (0.76)  0->44  0.06   44->93  0.07   93->32  0.07   32->5  0.11   5->55  0.11   55->112  0.05   112->234  0.08   234->61  0.11   61->89  0.09
0 to 90 (0.54)  0->44  0.06   44->93  0.07   93->226  0.11   226->138  0.11   138->62  0.09   62->90  0.09
0 to 91 (1.00)  0->44  0.06   44->93  0.07   93->226  0.11   226->138  0.11   138->62  0.09   62->90  0.09   90->113  0.12   113->170  0.07   170->17  0.08   17->134  0.10   134->91  0.10
0 to 92 (0.41)  0->191  0.11   191->165  0.11   165->172  0.10   172->92  0.09
0 to 93 (0.13)  0->44  0.06   44->93  0.07
0 to 94 (0.67)  0->44  0.06   44->231  0.10   231->208  0.09   208->65  0.11   65->230  0.05   230->135  0.11   135->141  0.07   141->94  0.08
0 to 95 (0.43)  0->97  0.08   97->248  0.09   248->104  0.07   104->83  0.09   83->95  0.12
0 to 96 (0.87)  0->44  0.06   44->93  0.07   93->32  0.07   32->5  0.11   5->55  0.11   55->112  0.05   112->234  0.08   234->61  0.11   61->111  0.07   111->25  0.05   25->96  0.09
0 to 97 (0.08)  0->97  0.08
0 to 98 (0.86)  0->44  0.06   44->231  0.10   231->208  0.09   208->65  0.11   65->230  0.05   230->135  0.11   135->141  0.07   141->35  0.11   35->88  0.07   88->98  0.09
0 to 99 (0.94)  0->44  0.06   44->231  0.10   231->208  0.09   208->65  0.11   65->230  0.05   230->135  0.11   135->86  0.10   86->14  0.09   14->129  0.11   129->99  0.11
0 to 100 (0.82)  0->191  0.11   191->165  0.11   165->172  0.10   172->92  0.09   92->205  0.12   205->214  0.07   214->70  0.11   70->100  0.11
0 to 101 (0.53)  0->191  0.11   191->165  0.11   165->118  0.08   118->197  0.07   197->125  0.06   125->101  0.11
0 to 102 (0.30)  0->44  0.06   44->93  0.07   93->32  0.07   32->102  0.09
0 to 103 (0.82)  0->191  0.11   191->165  0.11   165->172  0.10   172->92  0.09   92->205  0.12   205->214  0.07   214->70  0.11   70->19  0.07   19->103  0.05
0 to 104 (0.23)  0->97  0.08   97->248  0.09   248->104  0.07
0 to 105 (0.84)  0->191  0.11   191->165  0.11   165->172  0.10   172->92  0.09   92->205  0.12   205->219  0.05   219->30  0.11   30->143  0.09   143->105  0.07
0 to 106 (0.84)  0->191  0.11   191->165  0.11   165->172  0.10   172->92  0.09   92->205  0.12   205->219  0.05   219->30  0.11   30->143  0.09   143->106  0.07
0 to 107 (0.64)  0->44  0.06   44->93  0.07   93->187  0.08   187->77  0.11   77->78  0.11   78->128  0.04   128->69  0.12   69->107  0.06
0 to 108 (0.58)  0->44  0.06   44->231  0.10   231->208  0.09   208->65  0.11   65->181  0.11   181->108  0.11
0 to 109 (1.06)  0->44  0.06   44->93  0.07   93->226  0.11   226->138  0.11   138->62  0.09   62->90  0.09   90->113  0.12   113->170  0.07   170->17  0.08   17->134  0.10   134->146  0.07   146->109  0.08
0 to 110 (0.58)  0->191  0.11   191->165  0.11   165->172  0.10   172->92  0.09   92->205  0.12   205->110  0.05
0 to 111 (0.73)  0->44  0.06   44->93  0.07   93->32  0.07   32->5  0.11   5->55  0.11   55->112  0.05   112->234  0.08   234->61  0.11   61->111  0.07
0 to 112 (0.47)  0->44  0.06   44->93  0.07   93->32  0.07   32->5  0.11   5->55  0.11   55->112  0.05
0 to 113 (0.65)  0->44  0.06   44->93  0.07   93->226  0.11   226->138  0.11   138->62  0.09   62->90  0.09   90->113  0.12
0 to 114 (0.10)  0->114  0.10
0 to 115 (0.49)  0->97  0.08   97->248  0.09   248->104  0.07   104->45  0.11   45->76  0.11   76->115  0.04
0 to 116 (0.80)  0->44  0.06   44->93  0.07   93->32  0.07   32->5  0.11   5->55  0.11   55->136  0.10   136->87  0.10   87->194  0.08   194->116  0.09
0 to 117 (0.96)  0->44  0.06   44->231  0.10   231->208  0.09   208->65  0.11   65->230  0.05   230->135  0.11   135->86  0.10   86->14  0.09   14->166  0.08   166->6  0.07   6->117  0.09
0 to 118 (0.30)  0->191  0.11   191->165  0.11   165->118  0.08
0 to 119 (0.94)  0->44  0.06   44->93  0.07   93->226  0.11   226->138  0.11   138->62  0.09   62->90  0.09   90->113  0.12   113->170  0.07   170->17  0.08   17->81  0.06   81->119  0.08
0 to 120 (0.92)  0->44  0.06   44->93  0.07   93->226  0.11   226->138  0.11   138->62  0.09   62->90  0.09   90->113  0.12   113->170  0.07   170->229  0.11   229->120  0.08
0 to 121 (0.71)  0->44  0.06   44->93  0.07   93->226  0.11   226->138  0.11   138->62  0.09   62->90  0.09   90->113  0.12   113->121  0.05
0 to 122 (0.52)  0->191  0.11   191->165  0.11   165->172  0.10   172->92  0.09   92->122  0.12
0 to 123 (0.91)  0->191  0.11   191->165  0.11   165->172  0.10   172->92  0.09   92->205  0.12   205->210  0.08   210->152  0.11   152->246  0.10   246->123  0.10
0 to 124 (0.27)  0->191  0.11   191->165  0.11   165->124  0.05
0 to 125 (0.42)  0->191  0.11   191->165  0.11   165->118  0.08   118->197  0.07   197->125  0.06
0 to 126 (1.15)  0->44  0.06   44->93  0.07   93->226  0.11   226->138  0.11   138->62  0.09   62->90  0.09   90->113  0.12   113->170  0.07   170->17  0.08   17->134  0.10   134->146  0.07   146->109  0.08   109->126  0.09
0 to 127 (0.86)  0->44  0.06   44->93  0.07   93->32  0.07   32->5  0.11   5->55  0.11   55->112  0.05   112->234  0.08   234->61  0.11   61->89  0.09   89->127  0.11
0 to 128 (0.46)  0->44  0.06   44->93  0.07   93->187  0.08   187->77  0.11   77->78  0.11   78->128  0.04
0 to 129 (0.83)  0->44  0.06   44->231  0.10   231->208  0.09   208->65  0.11   65->230  0.05   230->135  0.11   135->86  0.10   86->14  0.09   14->129  0.11
0 to 130 (0.67)  0->44  0.06   44->93  0.07   93->32  0.07   32->5  0.11   5->55  0.11   55->136  0.10   136->87  0.10   87->130  0.04
0 to 131 (0.83)  0->191  0.11   191->165  0.11   165->172  0.10   172->92  0.09   92->205  0.12   205->219  0.05   219->30  0.11   30->143  0.09   143->131  0.06
0 to 132 (0.41)  0->191  0.11   191->165  0.11   165->171  0.12   171->132  0.07
0 to 133 (0.79)  0->44  0.06   44->231  0.10   231->208  0.09   208->65  0.11   65->230  0.05   230->135  0.11   135->86  0.10   86->14  0.09   14->133  0.07
0 to 134 (0.91)  0->44  0.06   44->93  0.07   93->226  0.11   226->138  0.11   138->62  0.09   62->90  0.09   90->113  0.12   113->170  0.07   170->17  0.08   17->134  0.10
0 to 135 (0.53)  0->44  0.06   44->231  0.10   231->208  0.09   208->65  0.11   65->230  0.05   230->135  0.11
0 to 136 (0.53)  0->44  0.06   44->93  0.07   93->32  0.07   32->5  0.11   5->55  0.11   55->136  0.10
0 to 137 (1.01)  0->44  0.06   44->93  0.07   93->226  0.11   226->138  0.11   138->62  0.09   62->90  0.09   90->113  0.12   113->170  0.07   170->17  0.08   17->134  0.10   134->137  0.10
0 to 138 (0.36)  0->44  0.06   44->93  0.07   93->226  0.11   226->138  0.11
0 to 139 (0.52)  0->191  0.11   191->165  0.11   165->172  0.10   172->92  0.09   92->139  0.11
0 to 140 (0.96)  0->44  0.06   44->231  0.10   231->208  0.09   208->65  0.11   65->230  0.05   230->135  0.11   135->86  0.10   86->14  0.09   14->129  0.11   129->147  0.09   147->140  0.05
0 to 141 (0.59)  0->44  0.06   44->231  0.10   231->208  0.09   208->65  0.11   65->230  0.05   230->135  0.11   135->141  0.07
0 to 142 (0.26)  0->191  0.11   191->165  0.11   165->142  0.05
0 to 143 (0.77)  0->191  0.11   191->165  0.11   165->172  0.10   172->92  0.09   92->205  0.12   205->219  0.05   219->30  0.11   30->143  0.09
0 to 144 (0.15)  0->97  0.08   97->144  0.07
0 to 145 (1.00)  0->44  0.06   44->93  0.07   93->226  0.11   226->138  0.11   138->62  0.09   62->90  0.09   90->113  0.12   113->170  0.07   170->17  0.08   17->81  0.06   81->119  0.08   119->145  0.05
0 to 146 (0.97)  0->44  0.06   44->93  0.07   93->226  0.11   226->138  0.11   138->62  0.09   62->90  0.09   90->113  0.12   113->170  0.07   170->17  0.08   17->134  0.10   134->146  0.07
0 to 147 (0.91)  0->44  0.06   44->231  0.10   231->208  0.09   208->65  0.11   65->230  0.05   230->135  0.11   135->86  0.10   86->14  0.09   14->129  0.11   129->147  0.09
0 to 148 (0.43)  0->44  0.06   44->231  0.10   231->208  0.09   208->57  0.11   57->148  0.06
0 to 149 (0.10)  0->149  0.10
0 to 150 (0.82)  0->44  0.06   44->93  0.07   93->187  0.08   187->77  0.11   77->78  0.11   78->128  0.04   128->69  0.12   69->107  0.06   107->1  0.07   1->150  0.11
0 to 151 (0.26)  0->44  0.06   44->231  0.10   231->151  0.09
0 to 152 (0.71)  0->191  0.11   191->165  0.11   165->172  0.10   172->92  0.09   92->205  0.12   205->210  0.08   210->152  0.11
0 to 153 (0.50)  0->97  0.08   97->248  0.09   248->104  0.07   104->45  0.11   45->76  0.11   76->153  0.04
0 to 154 (0.36)  0->58  0.10   58->9  0.10   9->195  0.05   195->154  0.11
0 to 155 (0.26)  0->191  0.11   191->165  0.11   165->155  0.05
0 to 156 (0.57)  0->191  0.11   191->165  0.11   165->172  0.10   172->92  0.09   92->205  0.12   205->156  0.05
0 to 157 (0.43)  0->44  0.06   44->231  0.10   231->208  0.09   208->57  0.11   57->157  0.07
0 to 158 (0.75)  0->44  0.06   44->93  0.07   93->226  0.11   226->138  0.11   138->62  0.09   62->90  0.09   90->113  0.12   113->158  0.10
0 to 159 (0.51)  0->44  0.06   44->93  0.07   93->32  0.07   32->5  0.11   5->55  0.11   55->159  0.08
0 to 160 (0.12)  0->160  0.12
0 to 161 (0.89)  0->44  0.06   44->93  0.07   93->187  0.08   187->77  0.11   77->78  0.11   78->128  0.04   128->69  0.12   69->107  0.06   107->72  0.12   72->177  0.06   177->161  0.07
0 to 162 (0.96)  0->191  0.11   191->165  0.11   165->172  0.10   172->92  0.09   92->205  0.12   205->214  0.07   214->70  0.11   70->19  0.07   19->192  0.09   192->162  0.09
0 to 163 (0.09)  0->163  0.09
0 to 164 (0.79)  0->44  0.06   44->93  0.07   93->32  0.07   32->5  0.11   5->55  0.11   55->136  0.10   136->87  0.10   87->194  0.08   194->164  0.07
0 to 165 (0.21)  0->191  0.11   191->165  0.11
0 to 166 (0.80)  0->44  0.06   44->231  0.10   231->208  0.09   208->65  0.11   65->230  0.05   230->135  0.11   135->86  0.10   86->14  0.09   14->166  0.08
0 to 167 (1.05)  0->44  0.06   44->231  0.10   231->208  0.09   208->65  0.11   65->230  0.05   230->135  0.11   135->86  0.10   86->14  0.09   14->166  0.08   166->6  0.07   6->117  0.09   117->167  0.09
0 to 168 (0.17)  0->44  0.06   44->168  0.10
0 to 169 (0.88)  0->44  0.06   44->93  0.07   93->187  0.08   187->77  0.11   77->78  0.11   78->128  0.04   128->69  0.12   69->107  0.06   107->72  0.12   72->189  0.04   189->169  0.09
0 to 170 (0.73)  0->44  0.06   44->93  0.07   93->226  0.11   226->138  0.11   138->62  0.09   62->90  0.09   90->113  0.12   113->170  0.07
0 to 171 (0.33)  0->191  0.11   191->165  0.11   165->171  0.12
0 to 172 (0.31)  0->191  0.11   191->165  0.11   165->172  0.10
0 to 173 (0.58)  0->44  0.06   44->93  0.07   93->187  0.08   187->77  0.11   77->78  0.11   78->128  0.04   128->173  0.12
0 to 174 (0.79)  0->191  0.11   191->165  0.11   165->172  0.10   172->92  0.09   92->205  0.12   205->214  0.07   214->70  0.11   70->174  0.09
0 to 175 (0.84)  0->191  0.11   191->165  0.11   165->172  0.10   172->92  0.09   92->205  0.12   205->207  0.11   207->11  0.11   11->175  0.10
0 to 176 (0.09)  0->176  0.09
0 to 177 (0.82)  0->44  0.06   44->93  0.07   93->187  0.08   187->77  0.11   77->78  0.11   78->128  0.04   128->69  0.12   69->107  0.06   107->72  0.12   72->177  0.06
0 to 178 (0.92)  0->44  0.06   44->231  0.10   231->208  0.09   208->65  0.11   65->230  0.05   230->135  0.11   135->141  0.07   141->35  0.11   35->88  0.07   88->98  0.09   98->178  0.05
0 to 179 (0.75)  0->191  0.11   191->165  0.11   165->172  0.10   172->92  0.09   92->205  0.12   205->219  0.05   219->212  0.08   212->179  0.09
0 to 180 (0.23)  0->191  0.11   191->165  0.11   165->180  0.02
0 to 181 (0.47)  0->44  0.06   44->231  0.10   231->208  0.09   208->65  0.11   65->181  0.11
0 to 182 (0.74)  0->44  0.06   44->93  0.07   93->226  0.11   226->138  0.11   138->62  0.09   62->90  0.09   90->113  0.12   113->182  0.09
0 to 183 (1.10)  0->44  0.06   44->93  0.07   93->226  0.11   226->138  0.11   138->62  0.09   62->90  0.09   90->113  0.12   113->170  0.07   170->17  0.08   17->134  0.10   134->64  0.09   64->183  0.10
0 to 184 (0.40)  0->44  0.06   44->231  0.10   231->208  0.09   208->57  0.11   57->184  0.03
0 to 185 (0.15)  0->97  0.08   97->185  0.08
0 to 186 (0.85)  0->44  0.06   44->93  0.07   93->187  0.08   187->77  0.11   77->78  0.11   78->128  0.04   128->69  0.12   69->107  0.06   107->72  0.12   72->186  0.09
0 to 187 (0.21)  0->44  0.06   44->93  0.07   93->187  0.08
0 to 188 (0.40)  0->44  0.06   44->231  0.10   231->208  0.09   208->65  0.11   65->188  0.04
0 to 189 (0.79)  0->44  0.06   44->93  0.07   93->187  0.08   187->77  0.11   77->78  0.11   78->128  0.04   128->69  0.12   69->107  0.06   107->72  0.12   72->189  0.04
0 to 190 (0.86)  0->44  0.06   44->93  0.07   93->32  0.07   32->5  0.11   5->55  0.11   55->136  0.10   136->87  0.10   87->194  0.08   194->164  0.07   164->190  0.07
0 to 191 (0.11)  0->191  0.11
0 to 192 (0.86)  0->191  0.11   191->165  0.11   165->172  0.10   172->92  0.09   92->205  0.12   205->214  0.07   214->70  0.11   70->19  0.07   19->192  0.09
0 to 193 (0.84)  0->191  0.11   191->165  0.11   165->172  0.10   172->92  0.09   92->205  0.12   205->219  0.05   219->30  0.11   30->143  0.09   143->193  0.07
0 to 194 (0.72)  0->44  0.06   44->93  0.07   93->32  0.07   32->5  0.11   5->55  0.11   55->136  0.10   136->87  0.10   87->194  0.08
0 to 195 (0.25)  0->58  0.10   58->9  0.10   9->195  0.05
0 to 196 (0.56)  0->191  0.11   191->165  0.11   165->118  0.08   118->197  0.07   197->125  0.06   125->101  0.11   101->196  0.03
0 to 197 (0.36)  0->191  0.11   191->165  0.11   165->118  0.08   118->197  0.07
0 to 198 (0.67)  0->44  0.06   44->93  0.07   93->226  0.11   226->138  0.11   138->62  0.09   62->90  0.09   90->242  0.10   242->198  0.03
0 to 199 (0.86)  0->44  0.06   44->93  0.07   93->32  0.07   32->5  0.11   5->55  0.11   55->112  0.05   112->234  0.08   234->61  0.11   61->111  0.07   111->25  0.05   25->199  0.08
0 to 200 (0.72)  0->44  0.06   44->93  0.07   93->187  0.08   187->77  0.11   77->78  0.11   78->128  0.04   128->69  0.12   69->107  0.06   107->200  0.08
0 to 201 (0.22)  0->97  0.08   97->185  0.08   185->201  0.07
0 to 202 (0.05)  0->202  0.05
0 to 203 (0.75)  0->44  0.06   44->93  0.07   93->187  0.08   187->77  0.11   77->78  0.11   78->128  0.04   128->69  0.12   69->107  0.06   107->203  0.12
0 to 204 (0.05)  0->204  0.05
0 to 205 (0.52)  0->191  0.11   191->165  0.11   165->172  0.10   172->92  0.09   92->205  0.12
0 to 206 (0.20)  0->24  0.10   24->206  0.10
0 to 207 (0.63)  0->191  0.11   191->165  0.11   165->172  0.10   172->92  0.09   92->205  0.12   205->207  0.11
0 to 208 (0.26)  0->44  0.06   44->231  0.10   231->208  0.09
0 to 209 (0.10)  0->209  0.10
0 to 210 (0.60)  0->191  0.11   191->165  0.11   165->172  0.10   172->92  0.09   92->205  0.12   205->210  0.08
0 to 211 (0.08)  0->211  0.08
0 to 212 (0.65)  0->191  0.11   191->165  0.11   165->172  0.10   172->92  0.09   92->205  0.12   205->219  0.05   219->212  0.08
0 to 213 (0.26)  0->191  0.11   191->165  0.11   165->213  0.05
0 to 214 (0.59)  0->191  0.11   191->165  0.11   165->172  0.10   172->92  0.09   92->205  0.12   205->214  0.07
0 to 215 (1.11)  0->44  0.06   44->93  0.07   93->226  0.11   226->138  0.11   138->62  0.09   62->90  0.09   90->113  0.12   113->170  0.07   170->17  0.08   17->134  0.10   134->64  0.09   64->215  0.11
0 to 216 (0.32)  0->59  0.11   59->50  0.04   50->48  0.10   48->216  0.08
0 to 217 (0.33)  0->97  0.08   97->248  0.09   248->104  0.07   104->217  0.10
0 to 218 (1.03)  0->44  0.06   44->93  0.07   93->226  0.11   226->138  0.11   138->62  0.09   62->90  0.09   90->113  0.12   113->170  0.07   170->17  0.08   17->81  0.06   81->227  0.08   227->218  0.09
0 to 219 (0.57)  0->191  0.11   191->165  0.11   165->172  0.10   172->92  0.09   92->205  0.12   205->219  0.05
0 to 220 (0.82)  0->44  0.06   44->93  0.07   93->187  0.08   187->77  0.11   77->78  0.11   78->128  0.04   128->69  0.12   69->107  0.06   107->1  0.07   1->220  0.10
0 to 221 (0.61)  0->191  0.11   191->165  0.11   165->172  0.10   172->92  0.09   92->205  0.12   205->221  0.09
0 to 222 (0.08)  0->222  0.08
0 to 223 (0.70)  0->44  0.06   44->93  0.07   93->226  0.11   226->138  0.11   138->62  0.09   62->90  0.09   90->113  0.12   113->223  0.05
0 to 224 (1.07)  0->44  0.06   44->93  0.07   93->226  0.11   226->138  0.11   138->62  0.09   62->90  0.09   90->113  0.12   113->170  0.07   170->17  0.08   17->81  0.06   81->227  0.08   227->29  0.10   29->224  0.03
0 to 225 (0.02)  0->225  0.02
0 to 226 (0.24)  0->44  0.06   44->93  0.07   93->226  0.11
0 to 227 (0.94)  0->44  0.06   44->93  0.07   93->226  0.11   226->138  0.11   138->62  0.09   62->90  0.09   90->113  0.12   113->170  0.07   170->17  0.08   17->81  0.06   81->227  0.08
0 to 228 (0.54)  0->97  0.08   97->248  0.09   248->104  0.07   104->45  0.11   45->3  0.12   3->228  0.08
0 to 229 (0.84)  0->44  0.06   44->93  0.07   93->226  0.11   226->138  0.11   138->62  0.09   62->90  0.09   90->113  0.12   113->170  0.07   170->229  0.11
0 to 230 (0.41)  0->44  0.06   44->231  0.10   231->208  0.09   208->65  0.11   65->230  0.05
0 to 231 (0.17)  0->44  0.06   44->231  0.10
0 to 232 (0.26)  0->97  0.08   97->185  0.08   185->232  0.10
0 to 233 (0.45)  0->44  0.06   44->93  0.07   93->226  0.11   226->138  0.11   138->233  0.10
0 to 234 (0.55)  0->44  0.06   44->93  0.07   93->32  0.07   32->5  0.11   5->55  0.11   55->112  0.05   112->234  0.08
0 to 235 (0.36)  0->191  0.11   191->165  0.11   165->213  0.05   213->235  0.09
0 to 236 (0.90)  0->44  0.06   44->231  0.10   231->208  0.09   208->65  0.11   65->230  0.05   230->135  0.11   135->86  0.10   86->14  0.09   14->166  0.08   166->236  0.09
0 to 237 (0.93)  0->44  0.06   44->93  0.07   93->32  0.07   32->5  0.11   5->55  0.11   55->112  0.05   112->234  0.08   234->61  0.11   61->111  0.07   111->25  0.05   25->63  0.09   63->237  0.05
0 to 238 (0.36)  0->58  0.10   58->9  0.10   9->195  0.05   195->238  0.11
0 to 239 (0.45)  0->44  0.06   44->93  0.07   93->187  0.08   187->77  0.11   77->78  0.11   78->239  0.02
0 to 240 (0.38)  0->44  0.06   44->93  0.07   93->226  0.11   226->138  0.11   138->240  0.02
0 to 241 (0.53)  0->97  0.08   97->248  0.09   248->104  0.07   104->45  0.11   45->3  0.12   3->241  0.07
0 to 242 (0.64)  0->44  0.06   44->93  0.07   93->226  0.11   226->138  0.11   138->62  0.09   62->90  0.09   90->242  0.10
0 to 243 (0.86)  0->191  0.11   191->165  0.11   165->172  0.10   172->92  0.09   92->205  0.12   205->214  0.07   214->70  0.11   70->84  0.08   84->243  0.07
0 to 244 (0.70)  0->191  0.11   191->165  0.11   165->172  0.10   172->92  0.09   92->205  0.12   205->219  0.05   219->212  0.08   212->244  0.04
0 to 245 (0.34)  0->58  0.10   58->9  0.10   9->195  0.05   195->245  0.09
0 to 246 (0.80)  0->191  0.11   191->165  0.11   165->172  0.10   172->92  0.09   92->205  0.12   205->210  0.08   210->152  0.11   152->246  0.10
0 to 247 (0.88)  0->44  0.06   44->93  0.07   93->32  0.07   32->5  0.11   5->55  0.11   55->136  0.10   136->87  0.10   87->194  0.08   194->116  0.09   116->247  0.08
0 to 248 (0.16)  0->97  0.08   97->248  0.09
0 to 249 (0.78)  0->44  0.06   44->93  0.07   93->187  0.08   187->77  0.11   77->78  0.11   78->128  0.04   128->69  0.12   69->107  0.06   107->200  0.08   200->249  0.06
