0 to 0 (0.00)
0 to 1 (1.05)  0->4  0.38   4->5  0.35   5->1  0.32
0 to 2 (0.26)  0->2  0.26
0 to 3 (0.99)  0->2  0.26   2->7  0.34   7->3  0.39
0 to 4 (0.38)  0->4  0.38
0 to 5 (0.73)  0->4  0.38   4->5  0.35
0 to 6 (1.51)  0->2  0.26   2->7  0.34   7->3  0.39   3->6  0.52
0 to 7 (0.60)  0->2  0.26   2->7  0.34
